MongoDB connected
API listening on http://localhost:4000
[0mGET /api/health [32m200[0m 2.492 ms - 11[0m
node.exe : (node:29828) ExperimentalWarning: VM Modules is an experimental feature and might change 
at any time
At line:1 char:1
+ & "C:\Program Files\nodejs/node.exe" "C:\Program Files\nodejs/node_mo ...
+ ~~~~~~~~~~~~~~~~~~~~~~~~~~~~~~~~~~~~~~~~~~~~~~~~~~~~~~~~~~~~~~~~~~~~~
    + CategoryInfo          : NotSpecified: ((node:29828) Ex...nge at any time:String) [], RemoteEx 
   ception
    + FullyQualifiedErrorId : NativeCommandError
 
(Use `node --trace-warnings ...` to show where the warning was created)
[0mPOST /api/auth/register [32m201[0m 4772.681 ms - 447[0m
[0mPOST /api/perks [32m201[0m 283.691 ms - 444[0m
[0mPOST /api/perks [32m201[0m 580.925 ms - 331[0m
{
  _id: new ObjectId('6915d92d748c1627db93a533'),
  title: 'Detail Page Perk 1763039533377',
  description: 'Detail page integration test perk.',
  category: 'fitness',
  discountPercent: 12,
  merchant: 'Detail Merchant',
  createdBy: new ObjectId('6915d92c748c1627db93a52f'),
  createdAt: 2025-11-13T13:12:13.389Z,
  updatedAt: 2025-11-13T13:12:13.389Z,
  __v: 0
}
[0mGET /api/perks/6915d92d748c1627db93a533 [32m200[0m 497.556 ms - 331[0m
[0mDELETE /api/perks/6915d92d748c1627db93a531 [32m200[0m 320.367 ms - 11[0m
[0mDELETE /api/perks/6915d92d748c1627db93a533 [32m200[0m 317.448 ms - 11[0m
PASS tests/perkDetailsPage.test.jsx (17.787 s)
  ظù Console

    console.warn
      ظأبي╕ React Router Future Flag Warning: React Router will begin wrapping state updates in 
`React.startTransition` in v7. You can use the `v7_startTransition` future flag to opt-in early. 
For more information, see https://reactrouter.com/v6/upgrading/future#v7_starttransition.

    [0m [90m  5 |[39m [90m// mechanics of wiring up MemoryRouter over and over again.[39m
     [90m  6 |[39m [36mexport[39m [36mfunction[39m renderWithRouter(children[33m,[39m { 
initialEntries [33m=[39m [[32m'/'[39m] } [33m=[39m {}) {
    [31m[1m>[22m[39m[90m  7 |[39m   [36mreturn[39m render(
     [90m    |[39m          [31m[1m^[22m[39m
     [90m  8 |[39m     [33m<[39m[33mMemoryRouter[39m 
initialEntries[33m=[39m{initialEntries}[33m>[39m
     [90m  9 |[39m       {children}
     [90m 10 |[39m     [33m<[39m[33m/[39m[33mMemoryRouter[39m[33m>[39m[0m

      at warn (../node_modules/react-router/lib/deprecations.ts:9:13)
      at warnOnce (../node_modules/react-router/lib/deprecations.ts:14:3)
      at logDeprecation (../node_modules/react-router/lib/deprecations.ts:26:5)
      at logV6DeprecationWarnings (../node_modules/react-router/lib/components.tsx:257:25)
      at commitHookEffectListMount (../node_modules/react-dom/cjs/react-dom.development.js:23189:26)
      at commitPassiveMountOnFiber (../node_modules/react-dom/cjs/react-dom.development.js:24970:11)
      at commitPassiveMountEffects_complete 
(../node_modules/react-dom/cjs/react-dom.development.js:24930:9)
      at commitPassiveMountEffects_begin 
(../node_modules/react-dom/cjs/react-dom.development.js:24917:7)
      at commitPassiveMountEffects (../node_modules/react-dom/cjs/react-dom.development.js:24905:3)
      at flushPassiveEffectsImpl (../node_modules/react-dom/cjs/react-dom.development.js:27078:3)
      at flushPassiveEffects (../node_modules/react-dom/cjs/react-dom.development.js:27023:14)
      at ../node_modules/react-dom/cjs/react-dom.development.js:26808:9
      at flushActQueue (../node_modules/react/cjs/react.development.js:2667:24)
      at act (../node_modules/react/cjs/react.development.js:2582:11)
      at ../node_modules/@testing-library/react/dist/act-compat.js:47:25
      at renderRoot (../node_modules/@testing-library/react/dist/pure.js:190:26)
      at render (../node_modules/@testing-library/react/dist/pure.js:292:10)
      at render (tests/utils/renderWithRouter.js:7:10)
      at Object.renderWithRouter (tests/perkDetailsPage.test.jsx:27:5)

    console.warn
      ظأبي╕ React Router Future Flag Warning: Relative route resolution within Splat routes is 
changing in v7. You can use the `v7_relativeSplatPath` future flag to opt-in early. For more 
information, see https://reactrouter.com/v6/upgrading/future#v7_relativesplatpath.

    [0m [90m  5 |[39m [90m// mechanics of wiring up MemoryRouter over and over again.[39m
     [90m  6 |[39m [36mexport[39m [36mfunction[39m renderWithRouter(children[33m,[39m { 
initialEntries [33m=[39m [[32m'/'[39m] } [33m=[39m {}) {
    [31m[1m>[22m[39m[90m  7 |[39m   [36mreturn[39m render(
     [90m    |[39m          [31m[1m^[22m[39m
     [90m  8 |[39m     [33m<[39m[33mMemoryRouter[39m 
initialEntries[33m=[39m{initialEntries}[33m>[39m
     [90m  9 |[39m       {children}
     [90m 10 |[39m     [33m<[39m[33m/[39m[33mMemoryRouter[39m[33m>[39m[0m

      at warn (../node_modules/react-router/lib/deprecations.ts:9:13)
      at warnOnce (../node_modules/react-router/lib/deprecations.ts:14:3)
      at logDeprecation (../node_modules/react-router/lib/deprecations.ts:37:5)
      at logV6DeprecationWarnings (../node_modules/react-router/lib/components.tsx:257:25)
      at commitHookEffectListMount (../node_modules/react-dom/cjs/react-dom.development.js:23189:26)
      at commitPassiveMountOnFiber (../node_modules/react-dom/cjs/react-dom.development.js:24970:11)
      at commitPassiveMountEffects_complete 
(../node_modules/react-dom/cjs/react-dom.development.js:24930:9)
      at commitPassiveMountEffects_begin 
(../node_modules/react-dom/cjs/react-dom.development.js:24917:7)
      at commitPassiveMountEffects (../node_modules/react-dom/cjs/react-dom.development.js:24905:3)
      at flushPassiveEffectsImpl (../node_modules/react-dom/cjs/react-dom.development.js:27078:3)
      at flushPassiveEffects (../node_modules/react-dom/cjs/react-dom.development.js:27023:14)
      at ../node_modules/react-dom/cjs/react-dom.development.js:26808:9
      at flushActQueue (../node_modules/react/cjs/react.development.js:2667:24)
      at act (../node_modules/react/cjs/react.development.js:2582:11)
      at ../node_modules/@testing-library/react/dist/act-compat.js:47:25
      at renderRoot (../node_modules/@testing-library/react/dist/pure.js:190:26)
      at render (../node_modules/@testing-library/react/dist/pure.js:292:10)
      at render (tests/utils/renderWithRouter.js:7:10)
      at Object.renderWithRouter (tests/perkDetailsPage.test.jsx:27:5)

[0mPOST /api/auth/register [32m201[0m 932.005 ms - 447[0m
[0mPOST /api/perks [32m201[0m 233.255 ms - 444[0m
[0mGET /api/perks?q= [32m200[0m 469.730 ms - 447[0m
[0mDELETE /api/perks/6915d93a748c1627db93a53b [32m200[0m 373.433 ms - 11[0m
PASS tests/perksPage.test.jsx (7.775 s)
  ظù Console

    console.warn
      ظأبي╕ React Router Future Flag Warning: React Router will begin wrapping state updates in 
`React.startTransition` in v7. You can use the `v7_startTransition` future flag to opt-in early. 
For more information, see https://reactrouter.com/v6/upgrading/future#v7_starttransition.

    [0m [90m  5 |[39m [90m// mechanics of wiring up MemoryRouter over and over again.[39m
     [90m  6 |[39m [36mexport[39m [36mfunction[39m renderWithRouter(children[33m,[39m { 
initialEntries [33m=[39m [[32m'/'[39m] } [33m=[39m {}) {
    [31m[1m>[22m[39m[90m  7 |[39m   [36mreturn[39m render(
     [90m    |[39m          [31m[1m^[22m[39m
     [90m  8 |[39m     [33m<[39m[33mMemoryRouter[39m 
initialEntries[33m=[39m{initialEntries}[33m>[39m
     [90m  9 |[39m       {children}
     [90m 10 |[39m     [33m<[39m[33m/[39m[33mMemoryRouter[39m[33m>[39m[0m

      at warn (../node_modules/react-router/lib/deprecations.ts:9:13)
      at warnOnce (../node_modules/react-router/lib/deprecations.ts:14:3)
      at logDeprecation (../node_modules/react-router/lib/deprecations.ts:26:5)
      at logV6DeprecationWarnings (../node_modules/react-router/lib/components.tsx:257:25)
      at commitHookEffectListMount (../node_modules/react-dom/cjs/react-dom.development.js:23189:26)
      at commitPassiveMountOnFiber (../node_modules/react-dom/cjs/react-dom.development.js:24970:11)
      at commitPassiveMountEffects_complete 
(../node_modules/react-dom/cjs/react-dom.development.js:24930:9)
      at commitPassiveMountEffects_begin 
(../node_modules/react-dom/cjs/react-dom.development.js:24917:7)
      at commitPassiveMountEffects (../node_modules/react-dom/cjs/react-dom.development.js:24905:3)
      at flushPassiveEffectsImpl (../node_modules/react-dom/cjs/react-dom.development.js:27078:3)
      at flushPassiveEffects (../node_modules/react-dom/cjs/react-dom.development.js:27023:14)
      at ../node_modules/react-dom/cjs/react-dom.development.js:26808:9
      at flushActQueue (../node_modules/react/cjs/react.development.js:2667:24)
      at act (../node_modules/react/cjs/react.development.js:2582:11)
      at ../node_modules/@testing-library/react/dist/act-compat.js:47:25
      at renderRoot (../node_modules/@testing-library/react/dist/pure.js:190:26)
      at render (../node_modules/@testing-library/react/dist/pure.js:292:10)
      at render (tests/utils/renderWithRouter.js:7:10)
      at Object.renderWithRouter (tests/perksPage.test.jsx:15:5)

    console.warn
      ظأبي╕ React Router Future Flag Warning: Relative route resolution within Splat routes is 
changing in v7. You can use the `v7_relativeSplatPath` future flag to opt-in early. For more 
information, see https://reactrouter.com/v6/upgrading/future#v7_relativesplatpath.

    [0m [90m  5 |[39m [90m// mechanics of wiring up MemoryRouter over and over again.[39m
     [90m  6 |[39m [36mexport[39m [36mfunction[39m renderWithRouter(children[33m,[39m { 
initialEntries [33m=[39m [[32m'/'[39m] } [33m=[39m {}) {
    [31m[1m>[22m[39m[90m  7 |[39m   [36mreturn[39m render(
     [90m    |[39m          [31m[1m^[22m[39m
     [90m  8 |[39m     [33m<[39m[33mMemoryRouter[39m 
initialEntries[33m=[39m{initialEntries}[33m>[39m
     [90m  9 |[39m       {children}
     [90m 10 |[39m     [33m<[39m[33m/[39m[33mMemoryRouter[39m[33m>[39m[0m

      at warn (../node_modules/react-router/lib/deprecations.ts:9:13)
      at warnOnce (../node_modules/react-router/lib/deprecations.ts:14:3)
      at logDeprecation (../node_modules/react-router/lib/deprecations.ts:37:5)
      at logV6DeprecationWarnings (../node_modules/react-router/lib/components.tsx:257:25)
      at commitHookEffectListMount (../node_modules/react-dom/cjs/react-dom.development.js:23189:26)
      at commitPassiveMountOnFiber (../node_modules/react-dom/cjs/react-dom.development.js:24970:11)
      at commitPassiveMountEffects_complete 
(../node_modules/react-dom/cjs/react-dom.development.js:24930:9)
      at commitPassiveMountEffects_begin 
(../node_modules/react-dom/cjs/react-dom.development.js:24917:7)
      at commitPassiveMountEffects (../node_modules/react-dom/cjs/react-dom.development.js:24905:3)
      at flushPassiveEffectsImpl (../node_modules/react-dom/cjs/react-dom.development.js:27078:3)
      at flushPassiveEffects (../node_modules/react-dom/cjs/react-dom.development.js:27023:14)
      at ../node_modules/react-dom/cjs/react-dom.development.js:26808:9
      at flushActQueue (../node_modules/react/cjs/react.development.js:2667:24)
      at act (../node_modules/react/cjs/react.development.js:2582:11)
      at ../node_modules/@testing-library/react/dist/act-compat.js:47:25
      at renderRoot (../node_modules/@testing-library/react/dist/pure.js:190:26)
      at render (../node_modules/@testing-library/react/dist/pure.js:292:10)
      at render (tests/utils/renderWithRouter.js:7:10)
      at Object.renderWithRouter (tests/perksPage.test.jsx:15:5)

    console.log
      [
        {
          _id: '6915d93a748c1627db93a53b',
          title: 'Integration Preview Benefit 88cd1941-62fe-425e-836f-243d2bd21096',
          description: 'Baseline record created during setup for deterministic rendering checks.',
          category: 'travel',
          discountPercent: 15,
          merchant: 'Integration Merchant fd1afdf7-602b-483a-b5b2-87724f7b0a98',
          createdBy: '6915d939748c1627db93a539',
          createdAt: '2025-11-13T13:12:26.257Z',
          updatedAt: '2025-11-13T13:12:26.257Z',
          __v: 0
        }
      ]

      at log (src/pages/Perks.jsx:12:13)

[0mPOST /api/auth/register [32m201[0m 619.932 ms - 447[0m
[0mPOST /api/perks [32m201[0m 368.595 ms - 444[0m
[0mGET /api/perks/all [32m200[0m 1275.621 ms - 4650[0m
[0mGET /api/perks/all [32m200[0m 1991.196 ms - 4650[0m
[0mDELETE /api/perks/6915d941748c1627db93a542 [32m200[0m 2119.401 ms - 11[0m
